[01:44:11] [main/INFO]: Loading Minecraft 1.21.10 with Fabric Loader 0.18.2
[01:44:11] [main/INFO]: Fabric is preparing JARs on first launch, this may take a few seconds...
[01:44:20] [main/WARN]: Warnings were found!
 - Mod 'Debugify' (debugify) 1.21.10+1.1 recommends any version of yet_another_config_lib_v3, which is missing!
	 - You should install any version of yet_another_config_lib_v3 for the optimal experience.
 - Mod 'ImmediatelyFast' (immediatelyfast) 1.13.2+1.21.10 recommends any version of sodium, which is missing!
	 - You should install any version of sodium for the optimal experience.
[01:44:20] [main/INFO]: Loading 85 mods:
	- blockentitydistance 1.0.0
	- cloth-config 20.0.149
	   \-- cloth-basic-math 0.6.1
	- debugify 1.21.10+1.1
	- distanthorizons 2.3.6-b
	   |-- fabric-api-base 1.0.0+14b92d896f
	   |-- fabric-command-api-v2 2.4.0+c0ab2d5d6f
	   |-- fabric-entity-events-v1 2.1.13+fde3702c6f
	   |-- fabric-key-binding-api-v1 1.1.1+b3ba9c486f
	   |-- fabric-lifecycle-events-v1 2.6.9+33df5e6e6f
	   \-- fabric-screen-api-v1 3.1.0+9c82a7986f
	- dynamic_fps 3.10.1
	   \-- net_lostluma_battery 1.3.0
	- entityculling 1.9.3
	   |-- transition 1.0.8
	   \-- trender 1.0.8
	- fabric-api 0.138.3+1.21.10
	   |-- fabric-api-lookup-api-v1 1.6.106+d17682156f
	   |-- fabric-biome-api-v1 16.1.0+c2417d4f6f
	   |-- fabric-block-api-v1 1.1.5+d17682156f
	   |-- fabric-block-view-api-v2 1.0.34+e4fd1b926f
	   |-- fabric-content-registries-v0 10.2.6+b6a242646f
	   |-- fabric-convention-tags-v1 2.1.49+7f945d5b6f
	   |-- fabric-convention-tags-v2 2.17.0+ff7bc77d6f
	   |-- fabric-crash-report-info-v1 0.3.18+33df5e6e6f
	   |-- fabric-data-attachment-api-v1 1.8.33+cd3b9e596f
	   |-- fabric-data-generation-api-v1 23.2.27+d8b85ef16f
	   |-- fabric-dimensions-v1 4.0.22+38b9cc196f
	   |-- fabric-events-interaction-v0 4.0.36+5ba217126f
	   |-- fabric-game-rule-api-v1 1.1.1+e47eaae56f
	   |-- fabric-item-api-v1 11.5.11+9bce411b6f
	   |-- fabric-item-group-api-v1 4.2.27+86b3ae576f
	   |-- fabric-loot-api-v2 3.0.67+3f89f5a56f
	   |-- fabric-loot-api-v3 2.0.14+d17682156f
	   |-- fabric-message-api-v1 6.1.7+3154c1c86f
	   |-- fabric-model-loading-api-v1 6.0.4+3ffd6ef06f
	   |-- fabric-networking-api-v1 5.1.0+b095d8db6f
	   |-- fabric-object-builder-api-v1 21.1.28+9bce411b6f
	   |-- fabric-particles-v1 4.2.3+a0ee59a46f
	   |-- fabric-recipe-api-v1 8.2.0+39709ef06f
	   |-- fabric-registry-sync-v0 6.1.42+679c8c5c6f
	   |-- fabric-renderer-api-v1 7.2.2+3706cdf36f
	   |-- fabric-renderer-indigo 4.1.3+d7df91576f
	   |-- fabric-rendering-fluids-v1 3.1.38+86b3ae576f
	   |-- fabric-rendering-v1 16.2.0+bee81f016f
	   |-- fabric-resource-conditions-api-v1 5.0.28+33df5e6e6f
	   |-- fabric-resource-loader-v0 3.3.1+d4d4122a6f
	   |-- fabric-resource-loader-v1 1.0.4+14959b836f
	   |-- fabric-screen-handler-api-v1 1.3.151+d17682156f
	   |-- fabric-serialization-api-v1 1.0.0+d857c9766f
	   |-- fabric-sound-api-v1 1.0.45+328a75ba6f
	   |-- fabric-tag-api-v1 1.2.13+2fa446b26f
	   |-- fabric-transfer-api-v1 6.0.15+79ec2c126f
	   \-- fabric-transitive-access-wideners-v1 6.5.3+41eb43436f
	- fabric-language-kotlin 1.13.7+kotlin.2.2.21
	   |-- org_jetbrains_kotlin_kotlin-reflect 2.2.21
	   |-- org_jetbrains_kotlin_kotlin-stdlib 2.2.21
	   |-- org_jetbrains_kotlin_kotlin-stdlib-jdk7 2.2.21
	   |-- org_jetbrains_kotlin_kotlin-stdlib-jdk8 2.2.21
	   |-- org_jetbrains_kotlinx_atomicfu-jvm 0.29.0
	   |-- org_jetbrains_kotlinx_kotlinx-coroutines-core-jvm 1.10.2
	   |-- org_jetbrains_kotlinx_kotlinx-coroutines-jdk8 1.10.2
	   |-- org_jetbrains_kotlinx_kotlinx-datetime-jvm 0.7.1
	   |-- org_jetbrains_kotlinx_kotlinx-io-bytestring-jvm 0.8.0
	   |-- org_jetbrains_kotlinx_kotlinx-io-core-jvm 0.8.0
	   |-- org_jetbrains_kotlinx_kotlinx-serialization-cbor-jvm 1.9.0
	   |-- org_jetbrains_kotlinx_kotlinx-serialization-core-jvm 1.9.0
	   \-- org_jetbrains_kotlinx_kotlinx-serialization-json-jvm 1.9.0
	- fabricloader 0.18.2
	   \-- mixinextras 0.5.0
	- fastquit 3.1.2+mc1.21.10
	- ferritecore 8.0.2
	- fpsdisplay 4.4.3+1.21.10
	   |-- fabric-api-base 1.0.0+14b92d896f
	   |-- fabric-key-binding-api-v1 1.1.1+b3ba9c486f
	   \-- fabric-lifecycle-events-v1 2.6.9+33df5e6e6f
	- immediatelyfast 1.13.2+1.21.10
	   \-- net_lenni0451_reflect 1.3.4
	- java 21
	- krypton 0.2.10
	   \-- com_velocitypowered_velocity-native 3.4.0-SNAPSHOT
	- lithium 0.20.0+mc1.21.10
	- minecraft 1.21.10
	- modmenu 16.0.0-rc.1
	   \-- placeholder-api 2.8.0+1.21.9
	- moreculling 1.5.0-beta.2
	   |-- conditional-mixin 0.6.3
	   \-- mixinsquared 0.2.0
[01:44:25] [main/INFO]: SpongePowered MIXIN Subsystem Version=0.8.7 Source=file:/C:/Users/User/AppData/Roaming/.minecraft/libraries/net/fabricmc/sponge-mixin/0.16.5+mixin.0.8.7/sponge-mixin-0.16.5+mixin.0.8.7.jar Service=Knot/Fabric Env=CLIENT
[01:44:25] [main/INFO]: Compatibility level set to JAVA_21
[01:44:27] [main/INFO]: Preloading Debugify
[01:44:28] [main/WARN]: No configuration key exists with name 'nbt', ignoring
[01:44:28] [main/WARN]: No configuration key exists with name 'fast_util', ignoring
[01:44:28] [main/WARN]: No configuration key exists with name 'collisions', ignoring
[01:44:29] [main/WARN]: No configuration key exists with name 'cache_chunkmap', ignoring
[01:44:29] [main/WARN]: No configuration key exists with name 'ai', ignoring
[01:44:29] [main/WARN]: No configuration key exists with name 'lithium.world.fast_block_light_updates', ignoring
[01:44:29] [main/WARN]: No configuration key exists with name 'chunk', ignoring
[01:44:29] [main/WARN]: No configuration key exists with name 'lithium.entity.fast_mob_spawning', ignoring
[01:44:29] [main/WARN]: No configuration key exists with name 'world', ignoring
[01:44:29] [main/WARN]: No configuration key exists with name 'collections', ignoring
[01:44:29] [main/WARN]: No configuration key exists with name 'shapes', ignoring
[01:44:29] [main/WARN]: No configuration key exists with name 'block', ignoring
[01:44:29] [main/WARN]: No configuration key exists with name 'math', ignoring
[01:44:29] [main/WARN]: No configuration key exists with name 'alloc', ignoring
[01:44:29] [main/WARN]: No configuration key exists with name 'entity', ignoring
[01:44:29] [main/WARN]: No configuration key exists with name 'chunk_access', ignoring
[01:44:29] [main/INFO]: Loaded configuration file for Lithium: 163 options available, 0 override(s) found.
[01:44:31] [main/WARN]: Force disabled MC-122477 because it only applies to OS: LINUX
[01:44:31] [main/WARN]: Force disabled MC-59810 because it only applies to OS: MAC
[01:45:08] [main/INFO]: Initializing MixinExtras via com.llamalad7.mixinextras.service.MixinExtrasServiceImpl(version=0.5.0).
[01:46:29] [Datafixer Bootstrap/INFO]: 278 Datafixer optimizations took 70185 milliseconds
[01:47:06] [Render thread/INFO]: fpsdisplay.mixins.json:MinecraftClientAccessor from mod fpsdisplay->@Accessor[FIELD_GETTER]::getCurrentFps()I should be static as its target is
[01:47:08] [Render thread/INFO]: Environment: Environment[sessionHost=https://sessionserver.mojang.com, servicesHost=https://api.minecraftservices.com, profilesHost=https://api.mojang.com, name=PROD]
[01:47:09] [Render thread/INFO]: Setting user: Psyharsh
[01:47:09] [Render thread/INFO]: Enabled 7 bug fixes: [MC-577, MC-59810, MC-89146, MC-90683, MC-122477, MC-199467, MC-237493]
[01:47:09] [Render thread/INFO]: Successfully Debugify'd your game!
[01:47:12] [Render thread/INFO]: Compression will use Java, encryption will use Java
[01:47:14] [Render thread/INFO]: Initializing Distant Horizons client, firing DhApiBeforeDhInitEvent...
[01:47:16] [Render thread/INFO]: Distant Horizons, Version: 2.3.6-b
[01:47:16] [Render thread/INFO]: Registering Fabric Client Events
[01:47:17] [Render thread/INFO]: Registering Fabric Server Events
[01:47:17] [Render thread/INFO]: Initialising config for [DistantHorizons]
[01:47:17] [Render thread/INFO]: [DistantHorizons] Config initialised
[01:47:17] [Render thread/WARN]: Multiple potential preset options [LOW_IMPACT, BALANCED], defaulting to the first one.
[01:47:18] [Render thread/INFO]: Distant Horizons client Initialized.
[01:47:19] [Render thread/INFO]: Dynamic FPS 3.10.1 active on Fabric!
[01:47:20] [Render thread/INFO]: [Indigo] Registering Indigo renderer!
[01:47:20] [Render thread/INFO]: [FastQuit] Initialized
[01:47:20] [DH-ApplyConfigPresetTimer/INFO]: changing preset to: LOW_IMPACT
[01:47:20] [DH-ApplyConfigPresetTimer/WARN]: Multiple potential preset options [LOW_IMPACT, BALANCED], defaulting to the first one.
[01:47:20] [DH-ApplyConfigPresetTimer/INFO]: preset active: LOW_IMPACT
[01:47:21] [DH-ApplyConfigPresetTimer/INFO]: changing preset to: MEDIUM
[01:47:21] [Render thread/INFO]: Krypton is now accelerating your Minecraft client's networking stack 🚀
[01:47:21] [Render thread/INFO]: Note that Krypton is most effective on servers, not the client.
[01:47:21] [DH-ApplyConfigPresetTimer/INFO]: preset active: MEDIUM
[01:47:24] [Render thread/INFO]: [STDOUT]: [LibGui] Initializing Client...
[01:47:29] [Render thread/ERROR]: Couldn't load distanthorizons pack metadata: Pack declares support for version newer than 64, but is missing mandatory fields min_format and max_format
[01:47:30] [Render thread/INFO]: Backend library: LWJGL version 3.3.3-snapshot
[01:47:35] [Render thread/INFO]: Initializing ImmediatelyFast 1.13.2+1.21.10 on Intel(R) HD Graphics (Intel) with OpenGL 3.3.0 - Build 10.18.10.5161
[01:47:35] [Render thread/INFO]: Using optional rendering extensions: GL_ARB_buffer_storage, GL_KHR_debug, GL_ARB_vertex_attrib_binding
[01:47:35] [Render thread/ERROR]: Couldn't load distanthorizons pack metadata: Pack declares support for version newer than 64, but is missing mandatory fields min_format and max_format
[01:47:42] [Download-1/INFO]: Could not authorize you against Realms server: java.lang.RuntimeException: Failed to parse into SignedJWT: 994ab8c1f88f4b029a304c993e4879e8
[01:47:42] [Download-1/ERROR]: Failed to fetch Realms feature flags
net.minecraft.class_4355: Realms authentication error with message 'java.lang.RuntimeException: Failed to parse into SignedJWT: 994ab8c1f88f4b029a304c993e4879e8'
	at knot/net.minecraft.class_4341.method_20998(class_4341.java:536) ~[client-intermediary.jar:?]
	at knot/net.minecraft.class_4341.method_68466(class_4341.java:189) ~[client-intermediary.jar:?]
	at java.base/java.util.concurrent.CompletableFuture$AsyncSupply.run(CompletableFuture.java:1768) ~[?:?]
	at java.base/java.util.concurrent.ThreadPoolExecutor.runWorker(ThreadPoolExecutor.java:1144) ~[?:?]
	at java.base/java.util.concurrent.ThreadPoolExecutor$Worker.run(ThreadPoolExecutor.java:642) ~[?:?]
	at java.base/java.lang.Thread.run(Thread.java:1583) [?:?]
[01:47:44] [Render thread/INFO]: Reloading ResourceManager: vanilla, fabric, cloth-config, conditional-mixin, debugify, distanthorizons, dynamic_fps, entityculling, fabric-api, fabric-api-base, fabric-api-lookup-api-v1, fabric-biome-api-v1, fabric-block-api-v1, fabric-block-view-api-v2, fabric-command-api-v2, fabric-content-registries-v0, fabric-convention-tags-v1, fabric-convention-tags-v2, fabric-crash-report-info-v1, fabric-data-attachment-api-v1, fabric-data-generation-api-v1, fabric-dimensions-v1, fabric-entity-events-v1, fabric-events-interaction-v0, fabric-game-rule-api-v1, fabric-item-api-v1, fabric-item-group-api-v1, fabric-key-binding-api-v1, fabric-language-kotlin, fabric-lifecycle-events-v1, fabric-loot-api-v2, fabric-loot-api-v3, fabric-message-api-v1, fabric-model-loading-api-v1, fabric-networking-api-v1, fabric-object-builder-api-v1, fabric-particles-v1, fabric-recipe-api-v1, fabric-registry-sync-v0, fabric-renderer-api-v1, fabric-renderer-indigo, fabric-rendering-fluids-v1, fabric-rendering-v1, fabric-resource-conditions-api-v1, fabric-resource-loader-v0, fabric-resource-loader-v1, fabric-screen-api-v1, fabric-screen-handler-api-v1, fabric-serialization-api-v1, fabric-sound-api-v1, fabric-tag-api-v1, fabric-transfer-api-v1, fabric-transitive-access-wideners-v1, fabricloader, fastquit, fpsdisplay, immediatelyfast, krypton, lithium, modmenu, moreculling, placeholder-api, trender
[01:47:44] [Render thread/INFO]: Cached all modded block culling states
[01:47:44] [Render thread/INFO]: Running Delayed setup...
[01:47:44] [Render thread/INFO]: Delayed setup complete, firing DhApiAfterDhInitEvent event...
[01:47:51] [Worker-Main-1/INFO]: Found unifont_all_no_pua-16.0.03.hex, loading
[01:47:52] [Worker-Main-1/INFO]: Found unifont_jp_patch-16.0.03.hex, loading
[01:47:52] [Worker-Main-1/INFO]: Found unifont_pua-16.0.03.hex, loading
[01:48:12] [Render thread/INFO]: OpenAL initialized on device OpenAL Soft on Alto-falantes (Realtek High Definition Audio)
[01:48:12] [Render thread/INFO]: Sound engine started
[01:48:12] [Render thread/INFO]: Created: 512x256x0 minecraft:textures/atlas/particles.png-atlas
[01:48:12] [Render thread/INFO]: Created: 128x64x0 minecraft:textures/atlas/decorated_pot.png-atlas
[01:48:12] [Render thread/INFO]: Created: 2048x1024x0 minecraft:textures/atlas/armor_trims.png-atlas
[01:48:12] [Render thread/INFO]: Created: 512x256x0 minecraft:textures/atlas/paintings.png-atlas
[01:48:12] [Render thread/INFO]: Created: 512x512x0 minecraft:textures/atlas/shield_patterns.png-atlas
[01:48:12] [Render thread/INFO]: Created: 1024x512x0 minecraft:textures/atlas/blocks.png-atlas
[01:48:12] [Render thread/INFO]: Created: 512x256x0 minecraft:textures/atlas/chest.png-atlas
[01:48:12] [Render thread/INFO]: Created: 512x512x0 minecraft:textures/atlas/banner_patterns.png-atlas
[01:48:12] [Render thread/INFO]: Created: 512x256x0 minecraft:textures/atlas/beds.png-atlas
[01:48:12] [Render thread/INFO]: Created: 1024x512x0 minecraft:textures/atlas/gui.png-atlas
[01:48:13] [Render thread/INFO]: Created: 64x64x0 minecraft:textures/atlas/map_decorations.png-atlas
[01:48:13] [Render thread/INFO]: Created: 256x256x0 minecraft:textures/atlas/signs.png-atlas
[01:48:13] [Render thread/INFO]: Created: 512x256x0 minecraft:textures/atlas/shulker_boxes.png-atlas
[01:48:19] [Render thread/INFO]: Checking for Distant Horizons update
[01:48:21] [Render thread/INFO]: Distant Horizons already up to date.
[01:48:22] [IO-Worker-1/INFO]: Could not authorize you against Realms server: java.lang.RuntimeException: Failed to parse into SignedJWT: 994ab8c1f88f4b029a304c993e4879e8
[01:48:22] [IO-Worker-1/ERROR]: Couldn't connect to realms
net.minecraft.class_4355: Realms authentication error with message 'java.lang.RuntimeException: Failed to parse into SignedJWT: 994ab8c1f88f4b029a304c993e4879e8'
	at knot/net.minecraft.class_4341.method_20998(class_4341.java:536) ~[client-intermediary.jar:?]
	at knot/net.minecraft.class_4341.method_21027(class_4341.java:316) ~[client-intermediary.jar:?]
	at knot/net.minecraft.class_8647.method_52627(class_8647.java:49) ~[client-intermediary.jar:?]
	at java.base/java.util.concurrent.CompletableFuture$AsyncSupply.run(CompletableFuture.java:1768) ~[?:?]
	at java.base/java.util.concurrent.ThreadPoolExecutor.runWorker(ThreadPoolExecutor.java:1144) ~[?:?]
	at java.base/java.util.concurrent.ThreadPoolExecutor$Worker.run(ThreadPoolExecutor.java:642) ~[?:?]
	at java.base/java.lang.Thread.run(Thread.java:1583) [?:?]
[01:48:49] [DH-ApplyConfigPresetTimer/INFO]: changing preset to: EXTREME
[01:48:50] [DH-ApplyConfigPresetTimer/INFO]: preset active: EXTREME
[01:48:53] [DH-ApplyConfigPresetTimer/INFO]: changing preset to: MINIMUM
[01:48:54] [DH-ApplyConfigPresetTimer/INFO]: preset active: MINIMUM
[01:48:58] [DH-ApplyConfigPresetTimer/INFO]: changing preset to: MEDIUM
[01:48:58] [DH-ApplyConfigPresetTimer/INFO]: preset active: MEDIUM
[01:49:48] [CullThread/INFO]: [STDOUT]: Shutting down culling task!
[01:49:48] [Render thread/INFO]: Stopping!
[01:49:48] [Render thread/INFO]: [FastQuit] Exiting FastQuit.
[01:49:48] [Render thread/INFO]: OpenGL debug message: id=1281, source=API, type=ERROR, severity=HIGH, message='GL error GL_INVALID_VALUE'
[01:49:48] [Render thread/INFO]: OpenGL debug message: id=1281, source=API, type=ERROR, severity=HIGH, message='GL error GL_INVALID_VALUE'
[01:49:48] [Render thread/INFO]: OpenGL debug message: id=1281, source=API, type=ERROR, severity=HIGH, message='GL error GL_INVALID_VALUE'
[01:49:48] [Render thread/INFO]: OpenGL debug message: id=1281, source=API, type=ERROR, severity=HIGH, message='GL error GL_INVALID_VALUE'
[01:49:48] [Render thread/INFO]: OpenGL debug message: id=1281, source=API, type=ERROR, severity=HIGH, message='GL error GL_INVALID_VALUE'
[01:49:48] [Render thread/INFO]: OpenGL debug message: id=1281, source=API, type=ERROR, severity=HIGH, message='GL error GL_INVALID_VALUE'
[01:49:48] [Render thread/INFO]: OpenGL debug message: id=1281, source=API, type=ERROR, severity=HIGH, message='GL error GL_INVALID_VALUE'
[01:49:48] [Render thread/INFO]: OpenGL debug message: id=1281, source=API, type=ERROR, severity=HIGH, message='GL error GL_INVALID_VALUE'
[01:49:48] [Render thread/INFO]: OpenGL debug message: id=1281, source=API, type=ERROR, severity=HIGH, message='GL error GL_INVALID_VALUE'
[01:49:48] [Render thread/INFO]: OpenGL debug message: id=1281, source=API, type=ERROR, severity=HIGH, message='GL error GL_INVALID_VALUE'
[01:49:48] [Render thread/INFO]: OpenGL debug message: id=1281, source=API, type=ERROR, severity=HIGH, message='GL error GL_INVALID_VALUE'
[01:49:48] [Render thread/INFO]: OpenGL debug message: id=1281, source=API, type=ERROR, severity=HIGH, message='GL error GL_INVALID_VALUE'
[01:49:48] [Render thread/INFO]: OpenGL debug message: id=1281, source=API, type=ERROR, severity=HIGH, message='GL error GL_INVALID_VALUE'
[01:49:48] [Render thread/INFO]: OpenGL debug message: id=1281, source=API, type=ERROR, severity=HIGH, message='GL error GL_INVALID_VALUE'
[01:49:48] [Render thread/INFO]: OpenGL debug message: id=1281, source=API, type=ERROR, severity=HIGH, message='GL error GL_INVALID_VALUE'
[01:49:48] [Render thread/INFO]: OpenGL debug message: id=1281, source=API, type=ERROR, severity=HIGH, message='GL error GL_INVALID_VALUE'
[01:49:48] [Render thread/INFO]: OpenGL debug message: id=1281, source=API, type=ERROR, severity=HIGH, message='GL error GL_INVALID_VALUE'
[01:49:48] [Render thread/INFO]: OpenGL debug message: id=1281, source=API, type=ERROR, severity=HIGH, message='GL error GL_INVALID_VALUE'
[01:49:48] [Render thread/INFO]: OpenGL debug message: id=1281, source=API, type=ERROR, severity=HIGH, message='GL error GL_INVALID_VALUE'
[01:49:48] [Render thread/INFO]: OpenGL debug message: id=1281, source=API, type=ERROR, severity=HIGH, message='GL error GL_INVALID_VALUE'
[01:49:48] [Render thread/INFO]: OpenGL debug message: id=1281, source=API, type=ERROR, severity=HIGH, message='GL error GL_INVALID_VALUE'
[01:49:48] [Render thread/INFO]: OpenGL debug message: id=1281, source=API, type=ERROR, severity=HIGH, message='GL error GL_INVALID_VALUE'
[01:49:48] [Render thread/INFO]: OpenGL debug message: id=1281, source=API, type=ERROR, severity=HIGH, message='GL error GL_INVALID_VALUE'
[01:49:48] [Render thread/INFO]: OpenGL debug message: id=1281, source=API, type=ERROR, severity=HIGH, message='GL error GL_INVALID_VALUE'
[01:49:48] [Render thread/INFO]: OpenGL debug message: id=1281, source=API, type=ERROR, severity=HIGH, message='GL error GL_INVALID_VALUE'
[01:49:48] [Render thread/INFO]: OpenGL debug message: id=1281, source=API, type=ERROR, severity=HIGH, message='GL error GL_INVALID_VALUE'
[01:49:48] [Render thread/INFO]: OpenGL debug message: id=1281, source=API, type=ERROR, severity=HIGH, message='GL error GL_INVALID_VALUE'
[01:49:48] [Render thread/INFO]: OpenGL debug message: id=1281, source=API, type=ERROR, severity=HIGH, message='GL error GL_INVALID_VALUE'
[01:49:48] [Render thread/INFO]: OpenGL debug message: id=1281, source=API, type=ERROR, severity=HIGH, message='GL error GL_INVALID_VALUE'
[01:49:48] [Render thread/INFO]: OpenGL debug message: id=1281, source=API, type=ERROR, severity=HIGH, message='GL error GL_INVALID_VALUE'
[01:49:48] [Render thread/INFO]: OpenGL debug message: id=1281, source=API, type=ERROR, severity=HIGH, message='GL error GL_INVALID_VALUE'
[01:49:48] [Render thread/INFO]: OpenGL debug message: id=1281, source=API, type=ERROR, severity=HIGH, message='GL error GL_INVALID_VALUE'
[01:49:48] [Render thread/INFO]: OpenGL debug message: id=1281, source=API, type=ERROR, severity=HIGH, message='GL error GL_INVALID_VALUE'
[01:49:48] [Render thread/INFO]: OpenGL debug message: id=1281, source=API, type=ERROR, severity=HIGH, message='GL error GL_INVALID_VALUE'
[01:49:48] [Render thread/INFO]: OpenGL debug message: id=1281, source=API, type=ERROR, severity=HIGH, message='GL error GL_INVALID_VALUE'
[01:49:48] [Render thread/INFO]: OpenGL debug message: id=1281, source=API, type=ERROR, severity=HIGH, message='GL error GL_INVALID_VALUE'
[01:49:48] [Render thread/INFO]: OpenGL debug message: id=1281, source=API, type=ERROR, severity=HIGH, message='GL error GL_INVALID_VALUE'
[01:49:48] [Render thread/INFO]: OpenGL debug message: id=1281, source=API, type=ERROR, severity=HIGH, message='GL error GL_INVALID_VALUE'
[01:49:48] [Render thread/INFO]: OpenGL debug message: id=1281, source=API, type=ERROR, severity=HIGH, message='GL error GL_INVALID_VALUE'
[01:49:48] [Render thread/INFO]: OpenGL debug message: id=1281, source=API, type=ERROR, severity=HIGH, message='GL error GL_INVALID_VALUE'
[01:49:48] [Render thread/INFO]: OpenGL debug message: id=1281, source=API, type=ERROR, severity=HIGH, message='GL error GL_INVALID_VALUE'
[01:49:48] [Render thread/INFO]: OpenGL debug message: id=1281, source=API, type=ERROR, severity=HIGH, message='GL error GL_INVALID_VALUE'
[01:49:48] [Render thread/INFO]: OpenGL debug message: id=1281, source=API, type=ERROR, severity=HIGH, message='GL error GL_INVALID_VALUE'
[01:49:48] [Render thread/INFO]: OpenGL debug message: id=1281, source=API, type=ERROR, severity=HIGH, message='GL error GL_INVALID_VALUE'
[01:49:48] [Render thread/INFO]: OpenGL debug message: id=1281, source=API, type=ERROR, severity=HIGH, message='GL error GL_INVALID_VALUE'
[01:49:48] [Render thread/INFO]: OpenGL debug message: id=1281, source=API, type=ERROR, severity=HIGH, message='GL error GL_INVALID_VALUE'
[01:49:48] [Render thread/INFO]: OpenGL debug message: id=1281, source=API, type=ERROR, severity=HIGH, message='GL error GL_INVALID_VALUE'
[01:49:48] [Render thread/INFO]: OpenGL debug message: id=1281, source=API, type=ERROR, severity=HIGH, message='GL error GL_INVALID_VALUE'
[01:49:48] [Render thread/INFO]: OpenGL debug message: id=1281, source=API, type=ERROR, severity=HIGH, message='GL error GL_INVALID_VALUE'
[01:49:48] [Render thread/INFO]: OpenGL debug message: id=1281, source=API, type=ERROR, severity=HIGH, message='GL error GL_INVALID_VALUE'
[01:49:48] [Render thread/INFO]: OpenGL debug message: id=1281, source=API, type=ERROR, severity=HIGH, message='GL error GL_INVALID_VALUE'
[01:49:48] [Render thread/INFO]: OpenGL debug message: id=1281, source=API, type=ERROR, severity=HIGH, message='GL error GL_INVALID_VALUE'
[01:49:48] [Render thread/INFO]: OpenGL debug message: id=1281, source=API, type=ERROR, severity=HIGH, message='GL error GL_INVALID_VALUE'
[01:49:48] [Render thread/INFO]: OpenGL debug message: id=1281, source=API, type=ERROR, severity=HIGH, message='GL error GL_INVALID_VALUE'
[01:49:48] [Render thread/INFO]: OpenGL debug message: id=1281, source=API, type=ERROR, severity=HIGH, message='GL error GL_INVALID_VALUE'
[01:49:48] [Render thread/INFO]: OpenGL debug message: id=1281, source=API, type=ERROR, severity=HIGH, message='GL error GL_INVALID_VALUE'
[01:49:48] [Render thread/INFO]: OpenGL debug message: id=1281, source=API, type=ERROR, severity=HIGH, message='GL error GL_INVALID_VALUE'
[01:49:48] [Render thread/INFO]: OpenGL debug message: id=1281, source=API, type=ERROR, severity=HIGH, message='GL error GL_INVALID_VALUE'
[01:49:48] [Render thread/INFO]: OpenGL debug message: id=1281, source=API, type=ERROR, severity=HIGH, message='GL error GL_INVALID_VALUE'
[01:49:48] [Render thread/INFO]: OpenGL debug message: id=1281, source=API, type=ERROR, severity=HIGH, message='GL error GL_INVALID_VALUE'
[01:49:48] [Render thread/INFO]: OpenGL debug message: id=1281, source=API, type=ERROR, severity=HIGH, message='GL error GL_INVALID_VALUE'
[01:49:48] [Render thread/INFO]: OpenGL debug message: id=1281, source=API, type=ERROR, severity=HIGH, message='GL error GL_INVALID_VALUE'
[01:49:48] [Render thread/INFO]: OpenGL debug message: id=1281, source=API, type=ERROR, severity=HIGH, message='GL error GL_INVALID_VALUE'
[01:49:48] [Render thread/INFO]: OpenGL debug message: id=1281, source=API, type=ERROR, severity=HIGH, message='GL error GL_INVALID_VALUE'
[01:49:48] [Render thread/INFO]: OpenGL debug message: id=1281, source=API, type=ERROR, severity=HIGH, message='GL error GL_INVALID_VALUE'
[01:49:48] [Render thread/INFO]: OpenGL debug message: id=1281, source=API, type=ERROR, severity=HIGH, message='GL error GL_INVALID_VALUE'
[01:49:48] [Render thread/INFO]: OpenGL debug message: id=1281, source=API, type=ERROR, severity=HIGH, message='GL error GL_INVALID_VALUE'
[01:49:48] [Render thread/INFO]: OpenGL debug message: id=1281, source=API, type=ERROR, severity=HIGH, message='GL error GL_INVALID_VALUE'
[01:49:48] [Render thread/INFO]: OpenGL debug message: id=1281, source=API, type=ERROR, severity=HIGH, message='GL error GL_INVALID_VALUE'
[01:49:48] [Render thread/INFO]: OpenGL debug message: id=1281, source=API, type=ERROR, severity=HIGH, message='GL error GL_INVALID_VALUE'
[01:49:48] [Render thread/INFO]: OpenGL debug message: id=1281, source=API, type=ERROR, severity=HIGH, message='GL error GL_INVALID_VALUE'
[01:49:48] [Render thread/INFO]: OpenGL debug message: id=1281, source=API, type=ERROR, severity=HIGH, message='GL error GL_INVALID_VALUE'
[01:49:48] [Render thread/INFO]: OpenGL debug message: id=1281, source=API, type=ERROR, severity=HIGH, message='GL error GL_INVALID_VALUE'
[01:49:48] [Render thread/INFO]: OpenGL debug message: id=1281, source=API, type=ERROR, severity=HIGH, message='GL error GL_INVALID_VALUE'
[01:49:48] [Render thread/INFO]: OpenGL debug message: id=1281, source=API, type=ERROR, severity=HIGH, message='GL error GL_INVALID_VALUE'
[01:49:48] [Render thread/INFO]: OpenGL debug message: id=1281, source=API, type=ERROR, severity=HIGH, message='GL error GL_INVALID_VALUE'
[01:49:48] [Render thread/INFO]: OpenGL debug message: id=1281, source=API, type=ERROR, severity=HIGH, message='GL error GL_INVALID_VALUE'
[01:49:48] [Render thread/INFO]: OpenGL debug message: id=1281, source=API, type=ERROR, severity=HIGH, message='GL error GL_INVALID_VALUE'
[01:49:48] [Render thread/INFO]: OpenGL debug message: id=1281, source=API, type=ERROR, severity=HIGH, message='GL error GL_INVALID_VALUE'
[01:49:48] [Render thread/INFO]: OpenGL debug message: id=1281, source=API, type=ERROR, severity=HIGH, message='GL error GL_INVALID_VALUE'
[01:49:48] [Render thread/INFO]: OpenGL debug message: id=1281, source=API, type=ERROR, severity=HIGH, message='GL error GL_INVALID_VALUE'
[01:49:48] [Render thread/INFO]: OpenGL debug message: id=1281, source=API, type=ERROR, severity=HIGH, message='GL error GL_INVALID_VALUE'
[01:49:48] [Render thread/INFO]: OpenGL debug message: id=1281, source=API, type=ERROR, severity=HIGH, message='GL error GL_INVALID_VALUE'
[01:49:48] [Render thread/INFO]: OpenGL debug message: id=1281, source=API, type=ERROR, severity=HIGH, message='GL error GL_INVALID_VALUE'
[01:49:48] [Render thread/INFO]: OpenGL debug message: id=1281, source=API, type=ERROR, severity=HIGH, message='GL error GL_INVALID_VALUE'
[01:49:48] [Render thread/INFO]: OpenGL debug message: id=1281, source=API, type=ERROR, severity=HIGH, message='GL error GL_INVALID_VALUE'
[01:49:48] [Render thread/INFO]: OpenGL debug message: id=1281, source=API, type=ERROR, severity=HIGH, message='GL error GL_INVALID_VALUE'
[01:49:48] [Render thread/INFO]: OpenGL debug message: id=1281, source=API, type=ERROR, severity=HIGH, message='GL error GL_INVALID_VALUE'
[01:49:48] [Render thread/INFO]: OpenGL debug message: id=1281, source=API, type=ERROR, severity=HIGH, message='GL error GL_INVALID_VALUE'
[01:49:48] [Render thread/INFO]: OpenGL debug message: id=1281, source=API, type=ERROR, severity=HIGH, message='GL error GL_INVALID_VALUE'
[01:49:48] [Render thread/INFO]: OpenGL debug message: id=1281, source=API, type=ERROR, severity=HIGH, message='GL error GL_INVALID_VALUE'
