[22:38:19] [Render thread/INFO] ========================================
[22:38:19] [Render thread/INFO] Minecraft: 1.21.10
[22:38:19] [Render thread/INFO] Side: client
[22:38:19] [Render thread/INFO] Development: false
[22:38:19] [Render thread/INFO] Version: 21.9.812
[22:38:19] [Render thread/INFO] Loader:
[22:38:19] [Render thread/INFO] - Fabric: 0.17.3
[22:38:19] [Render thread/INFO] - Fabric API: 0.138.3+1.21.10
[22:38:19] [Render thread/INFO] Dependencies:
[22:38:19] [Render thread/INFO] - Cloth Config: 20.0.149
[22:38:19] [Render thread/INFO] - Architectury: 18.0.6
[22:38:19] [Render thread/INFO] Mixin: 0.8.7
[22:38:19] [Render thread/INFO] OS: Windows 11 10.0 (amd64)
[22:38:19] [Render thread/INFO] Java: 21.0.7 (Microsoft)
[22:38:19] [Render thread/INFO] ========================================
[22:38:19] [Render thread/INFO] Mods:
[22:38:19] [Render thread/INFO] - ambientsounds: 6.3.1
[22:38:19] [Render thread/INFO] - animatica: 0.6.1+1.21.5
[22:38:19] [Render thread/INFO] - appleskin: 3.0.7+mc1.21.9
[22:38:19] [Render thread/INFO] - architectury: 18.0.6
[22:38:19] [Render thread/INFO] - betteradvancements: 0.4.7.48
[22:38:19] [Render thread/INFO] - betterclouds: 1.11.1-alpha+1.21.9-fabric.rev.e63efe2
[22:38:19] [Render thread/INFO] - betterf3: 16.0.3
[22:38:19] [Render thread/INFO] - betterstats: 4.0.0+fabric-1.21.10
[22:38:19] [Render thread/INFO] - blur: 5.2.3
[22:38:19] [Render thread/INFO] - calcmod: 1.4.3+fabric.1.21.9
[22:38:19] [Render thread/INFO] - chat_heads: 1.1.7
[22:38:19] [Render thread/INFO] - cicada: 0.14.3+1.21.9-1.21.10
[22:38:19] [Render thread/INFO] - clickthrough: 3.5.3+1.21.9
[22:38:19] [Render thread/INFO] - clientarguments: 1.11.1
[22:38:19] [Render thread/INFO] - cloth-basic-math: 0.6.1
[22:38:19] [Render thread/INFO] - cloth-config: 20.0.149
[22:38:19] [Render thread/INFO] - cloth-config: 20.0.149
[22:38:19] [Render thread/INFO] - collective: 8.13
[22:38:19] [Render thread/INFO] - com_akuleshov7_ktoml-core-jvm: 0.5.2
[22:38:19] [Render thread/INFO] - com_moulberry_mixinconstraints: 1.0.8
[22:38:19] [Render thread/INFO] - com_twelvemonkeys_common_common-image: 3.12.0
[22:38:19] [Render thread/INFO] - com_twelvemonkeys_common_common-io: 3.12.0
[22:38:19] [Render thread/INFO] - com_twelvemonkeys_common_common-lang: 3.12.0
[22:38:19] [Render thread/INFO] - com_twelvemonkeys_imageio_imageio-core: 3.12.0
[22:38:19] [Render thread/INFO] - com_twelvemonkeys_imageio_imageio-metadata: 3.12.0
[22:38:19] [Render thread/INFO] - com_twelvemonkeys_imageio_imageio-webp: 3.12.0
[22:38:19] [Render thread/INFO] - continuity: 3.0.1-beta.2+1.21.10
[22:38:19] [Render thread/INFO] - crash_assistant: 1.10.23
[22:38:19] [Render thread/INFO] - creativecore: 2.14.7
[22:38:19] [Render thread/INFO] - cullleaves: 4.1.0
[22:38:19] [Render thread/INFO] - debugify: 1.21.10+1.1
[22:38:19] [Render thread/INFO] - distanthorizons: 2.3.6-b
[22:38:19] [Render thread/INFO] - dynamic_fps: 3.10.1
[22:38:19] [Render thread/INFO] - entity-view-distance: 1.6.0+1.21.9
[22:38:19] [Render thread/INFO] - entity_model_features: 3.0.7
[22:38:19] [Render thread/INFO] - entity_texture_features: 7.0.6
[22:38:19] [Render thread/INFO] - entityculling: 1.9.3
[22:38:19] [Render thread/INFO] - error_notifier: 1.0.11
[22:38:19] [Render thread/INFO] - fabric-api: 0.138.3+1.21.10
[22:38:19] [Render thread/INFO] - fabric-api: 0.138.3+1.21.10
[22:38:19] [Render thread/INFO] - fabric-api-base: 1.0.0+14b92d896f
[22:38:19] [Render thread/INFO] - fabric-api-lookup-api-v1: 1.6.106+d17682156f
[22:38:19] [Render thread/INFO] - fabric-biome-api-v1: 16.1.0+c2417d4f6f
[22:38:19] [Render thread/INFO] - fabric-block-api-v1: 1.1.5+d17682156f
[22:38:19] [Render thread/INFO] - fabric-block-view-api-v2: 1.0.34+e4fd1b926f
[22:38:19] [Render thread/INFO] - fabric-command-api-v2: 2.4.0+c0ab2d5d6f
[22:38:19] [Render thread/INFO] - fabric-content-registries-v0: 10.2.6+b6a242646f
[22:38:19] [Render thread/INFO] - fabric-convention-tags-v1: 2.1.49+7f945d5b6f
[22:38:19] [Render thread/INFO] - fabric-convention-tags-v2: 2.17.0+ff7bc77d6f
[22:38:19] [Render thread/INFO] - fabric-crash-report-info-v1: 0.3.18+33df5e6e6f
[22:38:19] [Render thread/INFO] - fabric-data-attachment-api-v1: 1.8.33+cd3b9e596f
[22:38:19] [Render thread/INFO] - fabric-data-generation-api-v1: 23.2.27+d8b85ef16f
[22:38:19] [Render thread/INFO] - fabric-dimensions-v1: 4.0.22+38b9cc196f
[22:38:19] [Render thread/INFO] - fabric-entity-events-v1: 2.1.13+fde3702c6f
[22:38:19] [Render thread/INFO] - fabric-events-interaction-v0: 4.0.36+5ba217126f
[22:38:19] [Render thread/INFO] - fabric-game-rule-api-v1: 1.1.1+e47eaae56f
[22:38:19] [Render thread/INFO] - fabric-item-api-v1: 11.5.11+9bce411b6f
[22:38:19] [Render thread/INFO] - fabric-item-group-api-v1: 4.2.27+86b3ae576f
[22:38:19] [Render thread/INFO] - fabric-key-binding-api-v1: 1.1.1+b3ba9c486f
[22:38:19] [Render thread/INFO] - fabric-language-kotlin: 1.13.7+kotlin.2.2.21
[22:38:19] [Render thread/INFO] - fabric-lifecycle-events-v1: 2.6.9+33df5e6e6f
[22:38:19] [Render thread/INFO] - fabric-loot-api-v2: 3.0.67+3f89f5a56f
[22:38:19] [Render thread/INFO] - fabric-loot-api-v3: 2.0.14+d17682156f
[22:38:19] [Render thread/INFO] - fabric-message-api-v1: 6.1.7+3154c1c86f
[22:38:19] [Render thread/INFO] - fabric-model-loading-api-v1: 6.0.4+3ffd6ef06f
[22:38:19] [Render thread/INFO] - fabric-networking-api-v1: 5.1.0+b095d8db6f
[22:38:19] [Render thread/INFO] - fabric-object-builder-api-v1: 21.1.28+9bce411b6f
[22:38:19] [Render thread/INFO] - fabric-particles-v1: 4.2.3+a0ee59a46f
[22:38:19] [Render thread/INFO] - fabric-permissions-api-v0: 0.4.2-patbox.1
[22:38:19] [Render thread/INFO] - fabric-recipe-api-v1: 8.2.0+39709ef06f
[22:38:19] [Render thread/INFO] - fabric-registry-sync-v0: 6.1.42+679c8c5c6f
[22:38:19] [Render thread/INFO] - fabric-renderer-api-v1: 7.2.2+3706cdf36f
[22:38:19] [Render thread/INFO] - fabric-renderer-indigo: 4.1.3+d7df91576f
[22:38:19] [Render thread/INFO] - fabric-rendering-fluids-v1: 3.1.38+86b3ae576f
[22:38:19] [Render thread/INFO] - fabric-rendering-v1: 16.2.0+bee81f016f
[22:38:19] [Render thread/INFO] - fabric-resource-conditions-api-v1: 5.0.28+33df5e6e6f
[22:38:19] [Render thread/INFO] - fabric-resource-loader-v0: 3.3.1+d4d4122a6f
[22:38:19] [Render thread/INFO] - fabric-resource-loader-v1: 1.0.4+14959b836f
[22:38:19] [Render thread/INFO] - fabric-screen-api-v1: 3.1.0+9c82a7986f
[22:38:19] [Render thread/INFO] - fabric-screen-handler-api-v1: 1.3.151+d17682156f
[22:38:19] [Render thread/INFO] - fabric-serialization-api-v1: 1.0.0+d857c9766f
[22:38:19] [Render thread/INFO] - fabric-sound-api-v1: 1.0.45+328a75ba6f
[22:38:19] [Render thread/INFO] - fabric-tag-api-v1: 1.2.13+2fa446b26f
[22:38:19] [Render thread/INFO] - fabric-transfer-api-v1: 6.0.15+79ec2c126f
[22:38:19] [Render thread/INFO] - fabric-transitive-access-wideners-v1: 6.5.3+41eb43436f
[22:38:19] [Render thread/INFO] - fabricloader: 0.17.3
[22:38:19] [Render thread/INFO] - fabrishot: 1.16.3
[22:38:19] [Render thread/INFO] - fadeless: 2.0.5-1.21.9
[22:38:19] [Render thread/INFO] - fallingleaves: 2.0.2
[22:38:19] [Render thread/INFO] - ferritecore: 8.0.2
[22:38:19] [Render thread/INFO] - flashback: 0.38.2
[22:38:19] [Render thread/INFO] - fpsdisplay: 4.4.3+1.21.10
[22:38:19] [Render thread/INFO] - fullbrightnesstoggle: 4.5
[22:38:19] [Render thread/INFO] - gs_mclo_api: 5.0.0
[22:38:19] [Render thread/INFO] - held-item-info: 1.9.0
[22:38:19] [Render thread/INFO] - holdthatchunk: 2.1.0
[22:38:19] [Render thread/INFO] - immediatelyfast: 1.13.2+1.21.10
[22:38:19] [Render thread/INFO] - io_github_douira_glsl-transformer: 3.0.0-pre3
[22:38:19] [Render thread/INFO] - iris: 1.9.6+mc1.21.9
[22:38:19] [Render thread/INFO] - jade: 20.1.0+fabric
[22:38:19] [Render thread/INFO] - java: 21
[22:38:19] [Render thread/INFO] - kirin: 1.21.3+1.21.10
[22:38:19] [Render thread/INFO] - languagereload: 1.7.5+1.21.10
[22:38:19] [Render thread/INFO] - lattice: 1.2.18
[22:38:19] [Render thread/INFO] - lazy-language-loader: 0.3.9
[22:38:19] [Render thread/INFO] - libjf: 3.19.4
[22:38:19] [Render thread/INFO] - libjf-base: 3.19.4
[22:38:19] [Render thread/INFO] - libjf-config-commands: 3.19.4
[22:38:19] [Render thread/INFO] - libjf-config-core-v2: 3.19.4
[22:38:19] [Render thread/INFO] - libjf-config-network-v0: 3.19.4
[22:38:19] [Render thread/INFO] - libjf-config-ui-tiny: 3.19.4
[22:38:19] [Render thread/INFO] - libjf-data-manipulation-v0: 3.19.4
[22:38:19] [Render thread/INFO] - libjf-data-v0: 3.19.4
[22:38:19] [Render thread/INFO] - libjf-mainhttp-v0: 3.19.4
[22:38:19] [Render thread/INFO] - libjf-resource-pack-entry-widgets-v0: 3.19.4
[22:38:19] [Render thread/INFO] - libjf-translate-v1: 3.19.4
[22:38:19] [Render thread/INFO] - libjf-unsafe-v0: 3.19.4
[22:38:19] [Render thread/INFO] - libjf-web-v1: 3.19.4
[22:38:19] [Render thread/INFO] - lighty: 3.1.3
[22:38:19] [Render thread/INFO] - midnightlib: 1.9.0
[22:38:19] [Render thread/INFO] - minecraft: 1.21.10
[22:38:19] [Render thread/INFO] - mixinextras: 0.5.0
[22:38:19] [Render thread/INFO] - mixinsquared: 0.2.0
[22:38:19] [Render thread/INFO] - modmenu: 16.0.0-rc.1
[22:38:19] [Render thread/INFO] - morechathistory: 1.3.1
[22:38:19] [Render thread/INFO] - net_lenni0451_reflect: 1.3.4
[22:38:19] [Render thread/INFO] - net_lostluma_battery: 1.3.0
[22:38:19] [Render thread/INFO] - net_neoforged_bus: 7.2.0
[22:38:19] [Render thread/INFO] - nochatreports: 1.21.10-v2.16.0
[22:38:19] [Render thread/INFO] - notenoughanimations: 1.10.6
[22:38:19] [Render thread/INFO] - org_anarres_jcpp: 1.4.14
[22:38:19] [Render thread/INFO] - org_antlr_antlr4-runtime: 4.13.1
[22:38:19] [Render thread/INFO] - org_apache_httpcomponents_httpmime: 4.5.10
[22:38:19] [Render thread/INFO] - org_jetbrains_kotlin_kotlin-reflect: 2.2.21
[22:38:19] [Render thread/INFO] - org_jetbrains_kotlin_kotlin-stdlib: 2.2.21
[22:38:19] [Render thread/INFO] - org_jetbrains_kotlin_kotlin-stdlib-jdk7: 2.2.21
[22:38:19] [Render thread/INFO] - org_jetbrains_kotlin_kotlin-stdlib-jdk8: 2.2.21
[22:38:19] [Render thread/INFO] - org_jetbrains_kotlinx_atomicfu-jvm: 0.29.0
[22:38:19] [Render thread/INFO] - org_jetbrains_kotlinx_kotlinx-coroutines-core-jvm: 1.10.2
[22:38:19] [Render thread/INFO] - org_jetbrains_kotlinx_kotlinx-coroutines-jdk8: 1.10.2
[22:38:19] [Render thread/INFO] - org_jetbrains_kotlinx_kotlinx-datetime-jvm: 0.7.1
[22:38:19] [Render thread/INFO] - org_jetbrains_kotlinx_kotlinx-io-bytestring-jvm: 0.8.0
[22:38:19] [Render thread/INFO] - org_jetbrains_kotlinx_kotlinx-io-core-jvm: 0.8.0
[22:38:19] [Render thread/INFO] - org_jetbrains_kotlinx_kotlinx-serialization-cbor-jvm: 1.9.0
[22:38:19] [Render thread/INFO] - org_jetbrains_kotlinx_kotlinx-serialization-core-jvm: 1.9.0
[22:38:19] [Render thread/INFO] - org_jetbrains_kotlinx_kotlinx-serialization-json-jvm: 1.9.0
[22:38:19] [Render thread/INFO] - org_mariuszgromada_math_mathparser_org-mxparser: 5.0.6
[22:38:19] [Render thread/INFO] - org_quiltmc_parsers_gson: 0.2.1
[22:38:19] [Render thread/INFO] - org_quiltmc_parsers_json: 0.2.1
[22:38:19] [Render thread/INFO] - org_yaml_snakeyaml: 2.2
[22:38:19] [Render thread/INFO] - pingview: 1.2
[22:38:19] [Render thread/INFO] - placeholder-api: 2.8.0+1.21.9
[22:38:19] [Render thread/INFO] - presencefootsteps: 1.12.2+1.21.10
[22:38:19] [Render thread/INFO] - puzzle: 2.2.0
[22:38:19] [Render thread/INFO] - reeses-sodium-options: 1.8.6+mc1.21.10
[22:38:19] [Render thread/INFO] - roughlyenoughitems: 21.9.812
[22:38:19] [Render thread/INFO] - shulkerboxtooltip: 5.2.12+1.21.9
[22:38:19] [Render thread/INFO] - sodium: 0.7.3+mc1.21.10
[22:38:19] [Render thread/INFO] - sodium-extra: 0.7.1+mc1.21.10
[22:38:19] [Render thread/INFO] - sound_physics_remastered: 1.21.10-1.5.1
[22:38:19] [Render thread/INFO] - tcdcommons: 4.0.1+fabric-1.21.10
[22:38:19] [Render thread/INFO] - transition: 1.0.8
[22:38:19] [Render thread/INFO] - trender: 1.0.8
[22:38:19] [Render thread/INFO] - visuality: 0.7.11+1.21.9
[22:38:19] [Render thread/INFO] - voicechat: 1.21.10-2.6.6
[22:38:19] [Render thread/INFO] - voicechat_api: 2.6.0
[22:38:19] [Render thread/INFO] - xaerominimap: 25.2.15
[22:38:19] [Render thread/INFO] - xaeroworldmap: 1.39.17
[22:38:19] [Render thread/INFO] - yet_another_config_lib_v3: 3.8.0+1.21.9-fabric
[22:38:19] [Render thread/INFO] - zoomify: 2.14.6+1.21.9
[22:38:19] [Render thread/INFO] ========================================
[22:38:20] [Render thread/DEBUG] [REI] Added filtering rule [roughlyenoughitems:search]: INSTANCE
[22:38:20] [Render thread/DEBUG] [REI] Added filtering rule [roughlyenoughitems:manual]: INSTANCE
[22:38:20] [Render thread/DEBUG] [REI] Added filtering rule [roughlyenoughitems:basic]: INSTANCE
[22:38:26] [Render thread/INFO] [REI] Config loaded
[22:38:26] [Render thread/DEBUG] [REI] Config saved
[22:38:26] [Render thread/DEBUG] [REI] Config saved
[22:38:26] [Render thread/DEBUG] [REI] Config saved
[22:38:28] [Render thread/INFO] [REI] Registered plugin provider DefaultPlugin [roughlyenoughitems] for REICommonPlugin
[22:38:28] [Render thread/INFO] [REI] Registered plugin provider DefaultRuntimePlugin [roughlyenoughitems] for REICommonPlugin
[22:38:28] [Render thread/DEBUG] [REI] Added filtering rule [roughlyenoughitems:hidden_from_recipe_viewers]: INSTANCE
[22:38:28] [Render thread/INFO] [REI] Registered plugin provider FabricFluidAPISupportPlugin for REICommonPlugin
[22:38:49] [Render thread/INFO] [REI] Registered plugin provider REITooltipPlugin [appleskin] for REIClientPlugin
[22:38:49] [Render thread/INFO] [REI] Registered plugin provider DefaultClientPlugin [roughlyenoughitems] for REIClientPlugin
[22:38:49] [Render thread/INFO] [REI] Registered plugin provider DefaultClientRuntimePlugin [roughlyenoughitems] for REIClientPlugin
[22:38:49] [Render thread/INFO] [REI] Registered plugin provider HideIngredientsFromTagsPlugin [roughlyenoughitems] for REIClientPlugin
[22:44:32] [Render thread/DEBUG] [REI] Player quit, clearing reload tasks!
[22:44:32] [Render thread/DEBUG] [REI] Did not fulfill the request of termination of REI reload tasks because there are no uninterrupted running tasks. This is not an error.
